Last login: Mon Apr 28 19:50:03 on ttys000
Claires-MacBook-Pro:~ Claire$ ls
Applications	Documents	Library		Pictures	TEMP FOLDER
CTX.DAT		Downloads	Movies		Public
Desktop		FIPLAB		Music		Sites
Claires-MacBook-Pro:~ Claire$ cd documents
Claires-MacBook-Pro:documents Claire$ cd coding_course/
Claires-MacBook-Pro:coding_course Claire$ cd f
-bash: cd: f: No such file or directory
Claires-MacBook-Pro:coding_course Claire$ cd first_site/
Claires-MacBook-Pro:first_site Claire$ ls
CNAME			faves.html		work.html
assets			index.html
clairesstylesheet.css	mystylesheet.css
Claires-MacBook-Pro:first_site Claire$ git add
Nothing specified, nothing added.
Maybe you wanted to say 'git add .'?
Claires-MacBook-Pro:first_site Claire$ git add .
warning: You ran 'git add' with neither '-A (--all)' or '--ignore-removal',
whose behaviour will change in Git 2.0 with respect to paths you removed.
Paths like 'bootstrap.css' that are
removed from your working tree are ignored with this version of Git.

* 'git add --ignore-removal <pathspec>', which is the current default,
  ignores paths you removed from your working tree.

* 'git add --all <pathspec>' will let you also record the removals.

Run 'git status' to check the paths you removed from your working tree.

Claires-MacBook-Pro:first_site Claire$ git add -a
error: unknown switch `a'
usage: git add [options] [--] <pathspec>...

    -n, --dry-run         dry run
    -v, --verbose         be verbose

    -i, --interactive     interactive picking
    -p, --patch           select hunks interactively
    -e, --edit            edit current diff and apply
    -f, --force           allow adding otherwise ignored files
    -u, --update          update tracked files
    -N, --intent-to-add   record only the fact that the path will be added later
    -A, --all             add changes from all tracked and untracked files
    --ignore-removal      ignore paths removed in the working tree (same as --no-all)
    --refresh             don't add, only refresh the index
    --ignore-errors       just skip files which cannot be added because of errors
    --ignore-missing      check if - even missing - files are ignored in dry run

Claires-MacBook-Pro:first_site Claire$ git add --all
Claires-MacBook-Pro:first_site Claire$ git status
# On branch master
# Your branch is ahead of 'origin/master' by 2 commits.
#   (use "git push" to publish your local commits)
#
# Changes to be committed:
#   (use "git reset HEAD <file>..." to unstage)
#
#	new file:   assets/bootstrap/css/bootstrap-theme.css
#	new file:   assets/bootstrap/css/bootstrap-theme.css.map
#	new file:   assets/bootstrap/css/bootstrap-theme.min.css
#	renamed:    bootstrap.css -> assets/bootstrap/css/bootstrap.css
#	new file:   assets/bootstrap/css/bootstrap.css.map
#	new file:   assets/bootstrap/css/bootstrap.min.css
#	new file:   assets/bootstrap/fonts/glyphicons-halflings-regular.eot
#	new file:   assets/bootstrap/fonts/glyphicons-halflings-regular.svg
#	new file:   assets/bootstrap/fonts/glyphicons-halflings-regular.ttf
#	new file:   assets/bootstrap/fonts/glyphicons-halflings-regular.woff
#	new file:   assets/bootstrap/js/bootstrap.js
#	new file:   assets/bootstrap/js/bootstrap.min.js
#	new file:   assets/clairesstylesheet.css
#	new file:   assets/font-awesome-4.0.3/css/font-awesome.css
#	new file:   assets/font-awesome-4.0.3/css/font-awesome.min.css
#	new file:   assets/font-awesome-4.0.3/fonts/FontAwesome.otf
#	new file:   assets/font-awesome-4.0.3/fonts/fontawesome-webfont.eot
#	new file:   assets/font-awesome-4.0.3/fonts/fontawesome-webfont.svg
#	new file:   assets/font-awesome-4.0.3/fonts/fontawesome-webfont.ttf
#	new file:   assets/font-awesome-4.0.3/fonts/fontawesome-webfont.woff
#	new file:   assets/font-awesome-4.0.3/less/bordered-pulled.less
#	new file:   assets/font-awesome-4.0.3/less/core.less
#	new file:   assets/font-awesome-4.0.3/less/fixed-width.less
#	new file:   assets/font-awesome-4.0.3/less/font-awesome.less
#	new file:   assets/font-awesome-4.0.3/less/icons.less
#	new file:   assets/font-awesome-4.0.3/less/larger.less
#	new file:   assets/font-awesome-4.0.3/less/list.less
#	new file:   assets/font-awesome-4.0.3/less/mixins.less
#	new file:   assets/font-awesome-4.0.3/less/path.less
#	new file:   assets/font-awesome-4.0.3/less/rotated-flipped.less
#	new file:   assets/font-awesome-4.0.3/less/spinning.less
#	new file:   assets/font-awesome-4.0.3/less/stacked.less
#	new file:   assets/font-awesome-4.0.3/less/variables.less
#	new file:   assets/font-awesome-4.0.3/scss/_bordered-pulled.scss
#	new file:   assets/font-awesome-4.0.3/scss/_core.scss
#	new file:   assets/font-awesome-4.0.3/scss/_fixed-width.scss
#	new file:   assets/font-awesome-4.0.3/scss/_icons.scss
#	new file:   assets/font-awesome-4.0.3/scss/_larger.scss
#	new file:   assets/font-awesome-4.0.3/scss/_list.scss
#	new file:   assets/font-awesome-4.0.3/scss/_mixins.scss
#	new file:   assets/font-awesome-4.0.3/scss/_path.scss
#	new file:   assets/font-awesome-4.0.3/scss/_rotated-flipped.scss
#	new file:   assets/font-awesome-4.0.3/scss/_spinning.scss
#	new file:   assets/font-awesome-4.0.3/scss/_stacked.scss
#	new file:   assets/font-awesome-4.0.3/scss/_variables.scss
#	new file:   assets/font-awesome-4.0.3/scss/font-awesome.scss
#	new file:   assets/jquery-2.1.0.min.js
#	modified:   clairesstylesheet.css
#	new file:   faves.html
#	modified:   index.html
#	new file:   mystylesheet.css
#	new file:   work.html
#
Claires-MacBook-Pro:first_site Claire$ git push origin master:gh-pages
Everything up-to-date
Claires-MacBook-Pro:first_site Claire$ git status
# On branch master
# Your branch is ahead of 'origin/master' by 2 commits.
#   (use "git push" to publish your local commits)
#
# Changes to be committed:
#   (use "git reset HEAD <file>..." to unstage)
#
#	new file:   assets/bootstrap/css/bootstrap-theme.css
#	new file:   assets/bootstrap/css/bootstrap-theme.css.map
#	new file:   assets/bootstrap/css/bootstrap-theme.min.css
#	renamed:    bootstrap.css -> assets/bootstrap/css/bootstrap.css
#	new file:   assets/bootstrap/css/bootstrap.css.map
#	new file:   assets/bootstrap/css/bootstrap.min.css
#	new file:   assets/bootstrap/fonts/glyphicons-halflings-regular.eot
#	new file:   assets/bootstrap/fonts/glyphicons-halflings-regular.svg
#	new file:   assets/bootstrap/fonts/glyphicons-halflings-regular.ttf
#	new file:   assets/bootstrap/fonts/glyphicons-halflings-regular.woff
#	new file:   assets/bootstrap/js/bootstrap.js
#	new file:   assets/bootstrap/js/bootstrap.min.js
#	new file:   assets/clairesstylesheet.css
#	new file:   assets/font-awesome-4.0.3/css/font-awesome.css
#	new file:   assets/font-awesome-4.0.3/css/font-awesome.min.css
#	new file:   assets/font-awesome-4.0.3/fonts/FontAwesome.otf
#	new file:   assets/font-awesome-4.0.3/fonts/fontawesome-webfont.eot
#	new file:   assets/font-awesome-4.0.3/fonts/fontawesome-webfont.svg
#	new file:   assets/font-awesome-4.0.3/fonts/fontawesome-webfont.ttf
#	new file:   assets/font-awesome-4.0.3/fonts/fontawesome-webfont.woff
#	new file:   assets/font-awesome-4.0.3/less/bordered-pulled.less
#	new file:   assets/font-awesome-4.0.3/less/core.less
#	new file:   assets/font-awesome-4.0.3/less/fixed-width.less
#	new file:   assets/font-awesome-4.0.3/less/font-awesome.less
#	new file:   assets/font-awesome-4.0.3/less/icons.less
#	new file:   assets/font-awesome-4.0.3/less/larger.less
#	new file:   assets/font-awesome-4.0.3/less/list.less
#	new file:   assets/font-awesome-4.0.3/less/mixins.less
#	new file:   assets/font-awesome-4.0.3/less/path.less
#	new file:   assets/font-awesome-4.0.3/less/rotated-flipped.less
#	new file:   assets/font-awesome-4.0.3/less/spinning.less
#	new file:   assets/font-awesome-4.0.3/less/stacked.less
#	new file:   assets/font-awesome-4.0.3/less/variables.less
#	new file:   assets/font-awesome-4.0.3/scss/_bordered-pulled.scss
#	new file:   assets/font-awesome-4.0.3/scss/_core.scss
#	new file:   assets/font-awesome-4.0.3/scss/_fixed-width.scss
#	new file:   assets/font-awesome-4.0.3/scss/_icons.scss
#	new file:   assets/font-awesome-4.0.3/scss/_larger.scss
#	new file:   assets/font-awesome-4.0.3/scss/_list.scss
#	new file:   assets/font-awesome-4.0.3/scss/_mixins.scss
#	new file:   assets/font-awesome-4.0.3/scss/_path.scss
#	new file:   assets/font-awesome-4.0.3/scss/_rotated-flipped.scss
#	new file:   assets/font-awesome-4.0.3/scss/_spinning.scss
#	new file:   assets/font-awesome-4.0.3/scss/_stacked.scss
#	new file:   assets/font-awesome-4.0.3/scss/_variables.scss
#	new file:   assets/font-awesome-4.0.3/scss/font-awesome.scss
#	new file:   assets/jquery-2.1.0.min.js
#	modified:   clairesstylesheet.css
#	new file:   faves.html
#	modified:   index.html
#	new file:   mystylesheet.css
#	new file:   work.html
#
Claires-MacBook-Pro:first_site Claire$ git push
warning: push.default is unset; its implicit value is changing in
Git 2.0 from 'matching' to 'simple'. To squelch this message
and maintain the current behavior after the default changes, use:

  git config --global push.default matching

To squelch this message and adopt the new behavior now, use:

  git config --global push.default simple

See 'git help config' and search for 'push.default' for further information.
(the 'simple' mode was introduced in Git 1.7.11. Use the similar mode
'current' instead of 'simple' if you sometimes use older versions of Git)

Total 0 (delta 0), reused 0 (delta 0)
To git@github.com:Claire44/first_site.git
   b60092e..d985436  master -> master
 ! [rejected]        gh-pages -> gh-pages (non-fast-forward)
error: failed to push some refs to 'git@github.com:Claire44/first_site.git'
hint: Updates were rejected because a pushed branch tip is behind its remote
hint: counterpart. If you did not intend to push that branch, you may want to
hint: specify branches to push or set the 'push.default' configuration variable
hint: to 'simple', 'current' or 'upstream' to push only the current branch.
Claires-MacBook-Pro:first_site Claire$ git push origin master
Everything up-to-date
Claires-MacBook-Pro:first_site Claire$ git status
# On branch master
# Changes to be committed:
#   (use "git reset HEAD <file>..." to unstage)
#
#	new file:   assets/bootstrap/css/bootstrap-theme.css
#	new file:   assets/bootstrap/css/bootstrap-theme.css.map
#	new file:   assets/bootstrap/css/bootstrap-theme.min.css
#	renamed:    bootstrap.css -> assets/bootstrap/css/bootstrap.css
#	new file:   assets/bootstrap/css/bootstrap.css.map
#	new file:   assets/bootstrap/css/bootstrap.min.css
#	new file:   assets/bootstrap/fonts/glyphicons-halflings-regular.eot
#	new file:   assets/bootstrap/fonts/glyphicons-halflings-regular.svg
#	new file:   assets/bootstrap/fonts/glyphicons-halflings-regular.ttf
#	new file:   assets/bootstrap/fonts/glyphicons-halflings-regular.woff
#	new file:   assets/bootstrap/js/bootstrap.js
#	new file:   assets/bootstrap/js/bootstrap.min.js
#	new file:   assets/clairesstylesheet.css
#	new file:   assets/font-awesome-4.0.3/css/font-awesome.css
#	new file:   assets/font-awesome-4.0.3/css/font-awesome.min.css
#	new file:   assets/font-awesome-4.0.3/fonts/FontAwesome.otf
#	new file:   assets/font-awesome-4.0.3/fonts/fontawesome-webfont.eot
#	new file:   assets/font-awesome-4.0.3/fonts/fontawesome-webfont.svg
#	new file:   assets/font-awesome-4.0.3/fonts/fontawesome-webfont.ttf
#	new file:   assets/font-awesome-4.0.3/fonts/fontawesome-webfont.woff
#	new file:   assets/font-awesome-4.0.3/less/bordered-pulled.less
#	new file:   assets/font-awesome-4.0.3/less/core.less
#	new file:   assets/font-awesome-4.0.3/less/fixed-width.less
#	new file:   assets/font-awesome-4.0.3/less/font-awesome.less
#	new file:   assets/font-awesome-4.0.3/less/icons.less
#	new file:   assets/font-awesome-4.0.3/less/larger.less
#	new file:   assets/font-awesome-4.0.3/less/list.less
#	new file:   assets/font-awesome-4.0.3/less/mixins.less
#	new file:   assets/font-awesome-4.0.3/less/path.less
#	new file:   assets/font-awesome-4.0.3/less/rotated-flipped.less
#	new file:   assets/font-awesome-4.0.3/less/spinning.less
#	new file:   assets/font-awesome-4.0.3/less/stacked.less
#	new file:   assets/font-awesome-4.0.3/less/variables.less
#	new file:   assets/font-awesome-4.0.3/scss/_bordered-pulled.scss
#	new file:   assets/font-awesome-4.0.3/scss/_core.scss
#	new file:   assets/font-awesome-4.0.3/scss/_fixed-width.scss
#	new file:   assets/font-awesome-4.0.3/scss/_icons.scss
#	new file:   assets/font-awesome-4.0.3/scss/_larger.scss
#	new file:   assets/font-awesome-4.0.3/scss/_list.scss
#	new file:   assets/font-awesome-4.0.3/scss/_mixins.scss
#	new file:   assets/font-awesome-4.0.3/scss/_path.scss
#	new file:   assets/font-awesome-4.0.3/scss/_rotated-flipped.scss
#	new file:   assets/font-awesome-4.0.3/scss/_spinning.scss
#	new file:   assets/font-awesome-4.0.3/scss/_stacked.scss
#	new file:   assets/font-awesome-4.0.3/scss/_variables.scss
#	new file:   assets/font-awesome-4.0.3/scss/font-awesome.scss
#	new file:   assets/jquery-2.1.0.min.js
#	modified:   clairesstylesheet.css
#	new file:   faves.html
#	modified:   index.html
#	new file:   mystylesheet.css
#	new file:   work.html
#
Claires-MacBook-Pro:first_site Claire$ git push origin master:gh-pages
Everything up-to-date
Claires-MacBook-Pro:first_site Claire$ git commit -a -m"everything changing"
[master 8c8e632] everything changing
 52 files changed, 7835 insertions(+), 2704 deletions(-)
 create mode 100644 assets/bootstrap/css/bootstrap-theme.css
 create mode 100644 assets/bootstrap/css/bootstrap-theme.css.map
 create mode 100644 assets/bootstrap/css/bootstrap-theme.min.css
 rename bootstrap.css => assets/bootstrap/css/bootstrap.css (73%)
 create mode 100644 assets/bootstrap/css/bootstrap.css.map
 create mode 100644 assets/bootstrap/css/bootstrap.min.css
 create mode 100644 assets/bootstrap/fonts/glyphicons-halflings-regular.eot
 create mode 100644 assets/bootstrap/fonts/glyphicons-halflings-regular.svg
 create mode 100644 assets/bootstrap/fonts/glyphicons-halflings-regular.ttf
 create mode 100644 assets/bootstrap/fonts/glyphicons-halflings-regular.woff
 create mode 100644 assets/bootstrap/js/bootstrap.js
 create mode 100644 assets/bootstrap/js/bootstrap.min.js
 create mode 100644 assets/clairesstylesheet.css
 create mode 100644 assets/font-awesome-4.0.3/css/font-awesome.css
 create mode 100644 assets/font-awesome-4.0.3/css/font-awesome.min.css
 create mode 100644 assets/font-awesome-4.0.3/fonts/FontAwesome.otf
 create mode 100755 assets/font-awesome-4.0.3/fonts/fontawesome-webfont.eot
 create mode 100755 assets/font-awesome-4.0.3/fonts/fontawesome-webfont.svg
 create mode 100755 assets/font-awesome-4.0.3/fonts/fontawesome-webfont.ttf
 create mode 100755 assets/font-awesome-4.0.3/fonts/fontawesome-webfont.woff
 create mode 100644 assets/font-awesome-4.0.3/less/bordered-pulled.less
 create mode 100644 assets/font-awesome-4.0.3/less/core.less
 create mode 100644 assets/font-awesome-4.0.3/less/fixed-width.less
 create mode 100644 assets/font-awesome-4.0.3/less/font-awesome.less
 create mode 100644 assets/font-awesome-4.0.3/less/icons.less
 create mode 100644 assets/font-awesome-4.0.3/less/larger.less
 create mode 100644 assets/font-awesome-4.0.3/less/list.less
 create mode 100644 assets/font-awesome-4.0.3/less/mixins.less
 create mode 100644 assets/font-awesome-4.0.3/less/path.less
 create mode 100644 assets/font-awesome-4.0.3/less/rotated-flipped.less
 create mode 100644 assets/font-awesome-4.0.3/less/spinning.less
 create mode 100644 assets/font-awesome-4.0.3/less/stacked.less
 create mode 100644 assets/font-awesome-4.0.3/less/variables.less
 create mode 100644 assets/font-awesome-4.0.3/scss/_bordered-pulled.scss
 create mode 100644 assets/font-awesome-4.0.3/scss/_core.scss
 create mode 100644 assets/font-awesome-4.0.3/scss/_fixed-width.scss
 create mode 100644 assets/font-awesome-4.0.3/scss/_icons.scss
 create mode 100644 assets/font-awesome-4.0.3/scss/_larger.scss
 create mode 100644 assets/font-awesome-4.0.3/scss/_list.scss
 create mode 100644 assets/font-awesome-4.0.3/scss/_mixins.scss
 create mode 100644 assets/font-awesome-4.0.3/scss/_path.scss
 create mode 100644 assets/font-awesome-4.0.3/scss/_rotated-flipped.scss
 create mode 100644 assets/font-awesome-4.0.3/scss/_spinning.scss
 create mode 100644 assets/font-awesome-4.0.3/scss/_stacked.scss
 create mode 100644 assets/font-awesome-4.0.3/scss/_variables.scss
 create mode 100644 assets/font-awesome-4.0.3/scss/font-awesome.scss
 create mode 100644 assets/jquery-2.1.0.min.js
 create mode 100644 faves.html
 rewrite index.html (70%)
 create mode 100644 mystylesheet.css
 create mode 100644 work.html
Claires-MacBook-Pro:first_site Claire$ git push origin master:gh-pages
Counting objects: 65, done.
Delta compression using up to 4 threads.
Compressing objects: 100% (63/63), done.
Writing objects: 100% (63/63), 478.85 KiB | 0 bytes/s, done.
Total 63 (delta 8), reused 0 (delta 0)
To git@github.com:Claire44/first_site.git
   d985436..8c8e632  master -> gh-pages
Claires-MacBook-Pro:first_site Claire$ git status
# On branch master
# Your branch is ahead of 'origin/master' by 1 commit.
#   (use "git push" to publish your local commits)
#
nothing to commit, working directory clean
Claires-MacBook-Pro:first_site Claire$ git add --all
Claires-MacBook-Pro:first_site Claire$ git status
# On branch master
# Your branch is ahead of 'origin/master' by 1 commit.
#   (use "git push" to publish your local commits)
#
nothing to commit, working directory clean
Claires-MacBook-Pro:first_site Claire$ git commit -a -m "added"
# On branch master
# Your branch is ahead of 'origin/master' by 1 commit.
#   (use "git push" to publish your local commits)
#
nothing to commit, working directory clean
Claires-MacBook-Pro:first_site Claire$ git push origin master:gh-pages
Everything up-to-date
Claires-MacBook-Pro:first_site Claire$ 
